/workspace/code/yyf/Proj/neuraloperator/TimeDimension_add/./experiments/Aprime_time_scalar/train.py:109: FutureWarning: You are using `torch.load` with `weights_only=False` (the current default value), which uses the default pickle module implicitly. It is possible to construct malicious pickle data which will execute arbitrary code during unpickling (See https://github.com/pytorch/pytorch/blob/main/SECURITY.md#untrusted-models for more details). In a future release, the default value for `weights_only` will be flipped to `True`. This limits the functions that could be executed during unpickling. Arbitrary objects will no longer be allowed to be loaded via this mode unless they are explicitly allowlisted by the user via `torch.serialization.add_safe_globals`. We recommend you start setting `weights_only=True` for any use case where you don't have full control of the loaded file. Please open an issue on GitHub for any issues related to this experimental feature.
  norm_dict = torch.load(str(NORM_PATH), map_location="cpu")
/workspace/code/yyf/Proj/neuraloperator/TimeDimension_add/src/normalizer.py:9: UserWarning: std(): degrees of freedom is <= 0. Correction should be strictly less than the reduction factor (input numel divided by output numel). (Triggered internally at /opt/conda/conda-bld/pytorch_1729647350383/work/aten/src/ATen/native/ReduceOps.cpp:1823.)
  self.std = torch.std(x, 0UsUsing device: cuda
Loading data...
Train X shape: torch.Size([2336, 199, 800])
Train Y shape: torch.Size([2336, 199, 800])
Test X shape: torch.Size([584, 199, 800])
Test Y shape: torch.Size([584, 199, 800])
Loading normalizers from /workspace/code/yyf/Proj/neuraloperator/TimeDimension_add/normalizers/ssp_tl_norm_train2336_ndrz10.pt
Model parameters: 134243137
Starting training...
Epoch: 0, Time: 144.67, Opt Loss: 0.99500, Train L2: 0.05977, Test L2: 0.06333
Epoch: 1, Time: 137.94, Opt Loss: 0.87624, Train L2: 0.05271, Test L2: 0.06546
Epoch: 2, Time: 136.27, Opt Loss: 0.78075, Train L2: 0.04686, Test L2: 0.06563
Epoch: 3, Time: 136.57, Opt Loss: 0.72423, Train L2: 0.04345, Test L2: 0.06662
Epoch: 4, Time: 135.66, Opt Loss: 0.67647, Train L2: 0.04075, Test L2: 0.06837
Epoch: 5, Time: 126.43, Opt Loss: 0.63563, Train L2: 0.03851, Test L2: 0.06870
Epoch: 6, Time: 61.99, Opt Loss: 0.60709, Train L2: 0.03692, Test L2: 0.06767
Epoch: 7, Time: 62.10, Opt Loss: 0.57892, Train L2: 0.03529, Test L2: 0.06833
Epoch: 8, Time: 62.12, Opt Loss: 0.56125, Train L2: 0.03424, Test L2: 0.06825
Epoch: 9, Time: 62.21, Opt Loss: 0.54861, Train L2: 0.03350, Test L2: 0.06958
Training completed in 1065.96s
Model saved to /workspace/code/yyf/Proj/neuraloperator/TimeDimension_add/experiments/Aprime_time_scalar/runs/modes1_32_modes2_128_epoch_10/model_ssp_tl_time_scalar.pth
Generating visualizations...
Saved visualization to /workspace/code/yyf/Proj/neuraloperator/TimeDimension_add/experiments/Aprime_time_scalar/runs/modes1_32_modes2_128_epoch_10/prediction_results.png
